// Vitest Snapshot v1, https://vitest.dev/guide/snapshot.html

exports[`Reviews component > renders fetched reviews 1`] = `
<div>
  <section
    class="py-16 bg-white"
  >
    <div
      class="mx-auto max-w-screen-xl px-4 sm:px-6 lg:px-8"
    >
      <h2
        class="text-2xl sm:text-3xl font-semibold tracking-tight"
      >
        What our clients say
      </h2>
      <p
        class="mt-2 text-sm text-neutral-600"
      >
        Google rating 
        5.0
         / 5 from 
        10
         reviews
      </p>
      <div
        class="mt-8 grid grid-cols-1 md:grid-cols-3 gap-6"
      >
        <article
          class="rounded-2xl border border-neutral-200 p-6 shadow-sm"
        >
          <div
            class="flex items-center gap-3"
          >
            <img
              alt="Jane profile"
              class="w-10 h-10 rounded-full object-cover"
              src="avatar.jpg"
            />
            <div>
              <div
                class="text-sm font-medium"
              >
                Jane
              </div>
              <div
                class="text-xs text-neutral-600"
              >
                a day ago
              </div>
            </div>
          </div>
          <div
            aria-label="5 out of 5 stars"
            class="mt-3 text-amber-500"
          >
            ★★★★★
          </div>
          <p
            class="mt-3 text-neutral-800"
          >
            Great work!
          </p>
        </article>
      </div>
    </div>
  </section>
</div>
`;
